G__21023_21032:Iq
G__21028_21034:Jq
G__21284_21285$jscomp$inline_1203:Qq
JSCompiler_StaticMethods_assoc_BANG_:yh
JSCompiler_StaticMethods_cljs$core$IMultiFn$_add_method$arity$3:Ei
JSCompiler_StaticMethods_cljs$core$IMultiFn$_get_method$arity$2:Di
JSCompiler_StaticMethods_cljs$core$ITransientVector$_assoc_n_BANG_$arity$3:Fg
JSCompiler_StaticMethods_divide:Na
JSCompiler_StaticMethods_fireListeners:hp
JSCompiler_StaticMethods_forceChunk:Oh
JSCompiler_StaticMethods_getBits:Ka
JSCompiler_StaticMethods_getIframeToken_:kq
JSCompiler_StaticMethods_getLocationFragment_:iq
JSCompiler_StaticMethods_getToken:eq
JSCompiler_StaticMethods_isZero:La
JSCompiler_StaticMethods_listenOnce_:Xp
JSCompiler_StaticMethods_markAsRemoved:No
JSCompiler_StaticMethods_negate:Fa
JSCompiler_StaticMethods_re_frame$router$IEventQueue$_call_post_event_callbacks$arity$2:Hn
JSCompiler_StaticMethods_re_frame$router$IEventQueue$_fsm_trigger$arity$3:Dn
JSCompiler_StaticMethods_re_frame$router$IEventQueue$_pause$arity$2:Gn
JSCompiler_StaticMethods_re_frame$router$IEventQueue$_process_1st_event_in_queue$arity$1:En
JSCompiler_StaticMethods_re_frame$router$IEventQueue$_run_next_tick$arity$1:Fn
JSCompiler_StaticMethods_re_frame$router$IEventQueue$_run_queue$arity$1:Cn
JSCompiler_StaticMethods_removeByKey:Qo
JSCompiler_StaticMethods_setHash_:dq
JSCompiler_StaticMethods_setIframeToken_:fq
JSCompiler_StaticMethods_shiftRight:Qa
JSCompiler_StaticMethods_sval:Pe
JSCompiler_StaticMethods_toNumber:Ja
JSCompiler_StaticMethods_update_:jq
JSCompiler_inline_result$jscomp$120:qo
JSCompiler_prototypeAlias:g
JSCompiler_temp$jscomp$1508:to
JSCompiler_temp$jscomp$1552:uo
L 0:a
L 1:b
L 10:p
L 11:n
L 12:r
L 13:v
L 14:y
L 15:H
L 16:M
L 17:W
L 18:ba
L 19:ia
L 2:c
L 20:Ba
L 21:Pa
L 22:ma
L 23:q
L 24:t
L 25:u
L 26:w
L 27:x
L 28:A
L 29:C
L 3:d
L 30:E
L 31:G
L 32:I
L 33:J
L 34:O
L 35:R
L 36:T
L 37:X
L 38:Z
L 39:da
L 4:e
L 40:la
L 41:sa
L 42:za
L 43:Ma
L 44:qb
L 45:Sd
L 46:hl
L 5:f
L 6:h
L 7:k
L 8:l
L 9:m
arr$jscomp$inline_1040:no
cljs:lb
cljs$core:mb
cljs$core$ArrayChunk:Re
cljs$core$ArrayNode:ih
cljs$core$ArrayNodeIterator:mh
cljs$core$ArrayNodeSeq:th
cljs$core$Atom:Af
cljs$core$BitmapIndexedNode:eh
cljs$core$BitmapIndexedNode$EMPTY:hh
cljs$core$Box:Yg
cljs$core$ChunkBuffer:Qe
cljs$core$ChunkedCons:Se
cljs$core$ChunkedSeq:yg
cljs$core$Cons:Ke
cljs$core$ES6EntriesIterator:Ng
cljs$core$ES6Iterator:pd
cljs$core$ES6SetEntriesIterator:Og
cljs$core$EmptyList:Ie
cljs$core$ExceptionInfo:Gi
cljs$core$Fn:Mb
cljs$core$HashCollisionNode:qh
cljs$core$HashMapIter:vh
cljs$core$HashSetIter:Eh
cljs$core$ICollection:Sb
cljs$core$ICounted:Ob
cljs$core$IDeref:oc
cljs$core$IEmptyableCollection:Qb
cljs$core$IEncodeJS:li
cljs$core$IFn:Nb
cljs$core$IIndexed:Ub
cljs$core$IIterable:Uc
cljs$core$IKVReduce:vc
cljs$core$IList:Cc
cljs$core$ILookup:ac
cljs$core$IMap:ec
cljs$core$IMeta:qc
cljs$core$INIT:of
cljs$core$INext:Zb
cljs$core$IPrintWithWriter:Fc
cljs$core$IRecord:Dc
cljs$core$IReduce:tc
cljs$core$ISeq:Wb
cljs$core$ISeqable:zc
cljs$core$ISequential:Bc
cljs$core$ISet:ic
cljs$core$ITER_SYMBOL:Hb
cljs$core$IVector:mc
cljs$core$IndexedSeq:ld
cljs$core$IndexedSeqIterator:Kd
cljs$core$KeySeq:Ah
cljs$core$Keyword:K
cljs$core$LazySeq:Oe
cljs$core$List:Rd
cljs$core$List$EMPTY:nd
cljs$core$MapEntry:mg
cljs$core$MetaFn:Zd
cljs$core$MultiFn:Bi
cljs$core$NeverEquiv:Kg
cljs$core$NodeIterator:dh
cljs$core$NodeSeq:rh
cljs$core$PROTOCOL_SENTINEL:z
cljs$core$PersistentArrayMap:ub
cljs$core$PersistentArrayMap$EMPTY:nf
cljs$core$PersistentArrayMap$HASHMAP_THRESHOLD:Vg
cljs$core$PersistentArrayMap$createAsIfByAssoc:Wd
cljs$core$PersistentArrayMapIterator:Rg
cljs$core$PersistentArrayMapSeq:Qg
cljs$core$PersistentHashMap:wh
cljs$core$PersistentHashMap$EMPTY:Wg
cljs$core$PersistentHashSet:Fh
cljs$core$PersistentHashSet$EMPTY:Hh
cljs$core$PersistentQueue:Ig
cljs$core$PersistentQueue$EMPTY:Jg
cljs$core$PersistentQueueIter:Gg
cljs$core$PersistentQueueSeq:Hg
cljs$core$PersistentVector:V
cljs$core$PersistentVector$EMPTY:Qd
cljs$core$PersistentVector$EMPTY_NODE:Y
cljs$core$PersistentVector$fromArray:sg
cljs$core$Range:Nh
cljs$core$RangeChunk:Lh
cljs$core$RangeIterator:Mh
cljs$core$RangedIterator:ig
cljs$core$Reduced:wd
cljs$core$Repeat:If
cljs$core$START:pf
cljs$core$SeqIter:qf
cljs$core$StringBufferWriter:Wc
cljs$core$Subvec:Ag
cljs$core$Symbol:id
cljs$core$TransientArrayMap:Ug
cljs$core$TransientHashMap:xh
cljs$core$TransientHashSet:Gh
cljs$core$TransientVector:ng
cljs$core$ValSeq:Bh
cljs$core$VectorNode:Yf
cljs$core$_EQ_:od
cljs$core$_EQ__EQ_:Fe
cljs$core$_EQ__EQ_$cljs$0core$0IFn$0_invoke$0arity$02:Ge
cljs$core$_PLUS_:Ae
cljs$core$_STAR_eval_STAR_:Ji
cljs$core$_STAR_loaded_libs_STAR_:sb
cljs$core$_STAR_print_err_fn_STAR_:pb
cljs$core$_STAR_print_fn_STAR_:ob
cljs$core$_STAR_print_level_STAR_:rb
cljs$core$_add_watch:Hc
cljs$core$_as_transient:Jc
cljs$core$_assoc:cc
cljs$core$_assoc_BANG_:Mc
cljs$core$_assoc_n:nc
cljs$core$_chunked_first:Oc
cljs$core$_chunked_rest:Pc
cljs$core$_clj__GT_js:mi
cljs$core$_conj:Tb
cljs$core$_conj_BANG_:Kc
cljs$core$_count:Pb
cljs$core$_deref:pc
cljs$core$_disjoin:jc
cljs$core$_dissoc:fc
cljs$core$_drop_first:Nc
cljs$core$_empty:Rb
cljs$core$_equiv:xc
cljs$core$_find:dc
cljs$core$_first:Xb
cljs$core$_global_hierarchy:pi
cljs$core$_hash:yc
cljs$core$_indexOf$cljs$0core$0IFn$0_invoke$0arity$03:Gd
cljs$core$_iterator:Vc
cljs$core$_key:gc
cljs$core$_kv_reduce:wc
cljs$core$_lastIndexOf$cljs$0core$0IFn$0_invoke$0arity$03:Jd
cljs$core$_lookup:bc
cljs$core$_meta:rc
cljs$core$_name:Qc
cljs$core$_namespace:Rc
cljs$core$_next:$b
cljs$core$_nth:Vb
cljs$core$_peek:kc
cljs$core$_persistent_BANG_:Lc
cljs$core$_pop:lc
cljs$core$_pr_writer:Gc
cljs$core$_reduce:uc
cljs$core$_remove_watch:Ic
cljs$core$_reset_BANG_:Sc
cljs$core$_rest:Yb
cljs$core$_seq:Ac
cljs$core$_swap_BANG_:Tc
cljs$core$_val:hc
cljs$core$_with_meta:sc
cljs$core$_write:Ec
cljs$core$aclone:Ib
cljs$core$apply:$d
cljs$core$apply$cljs$0core$0IFn$0_invoke$0arity$02:ef
cljs$core$apply$cljs$0core$0IFn$0_invoke$0arity$03:ff
cljs$core$apply$cljs$0core$0IFn$0_invoke$0arity$04:gf
cljs$core$apply$cljs$0core$0IFn$0_invoke$0arity$05:hf
cljs$core$apply$cljs$0core$0IFn$0_invoke$0arity$0variadic:jf
cljs$core$apply_to:Ze
cljs$core$apply_to_simple$cljs$0core$0IFn$0_invoke$0arity$03:af
cljs$core$apply_to_simple$cljs$0core$0IFn$0_invoke$0arity$04:bf
cljs$core$apply_to_simple$cljs$0core$0IFn$0_invoke$0arity$05:cf
cljs$core$apply_to_simple$cljs$0core$0IFn$0_invoke$0arity$06:df
cljs$core$array_QMARK_:Cb
cljs$core$array__GT_transient_hash_map:Xg
cljs$core$array_copy:me
cljs$core$array_for:fg
cljs$core$array_index_of:Pg
cljs$core$array_reduce$cljs$0core$0IFn$0_invoke$0arity$02:Bd
cljs$core$array_reduce$cljs$0core$0IFn$0_invoke$0arity$03:Cd
cljs$core$array_reduce$cljs$0core$0IFn$0_invoke$0arity$04:Dd
cljs$core$assoc:Vd
cljs$core$assoc_in:Sf
cljs$core$atom$cljs$0core$0IFn$0_invoke$0arity$01:Bf
cljs$core$bit_count:Ee
cljs$core$boolean$0:pe
cljs$core$bounded_count:Ve
cljs$core$build_subvec:Bg
cljs$core$butlast:Jh
cljs$core$char_escapes:Yh
cljs$core$chunk_append:Ue
cljs$core$chunk_cons:Te
cljs$core$chunked_seq:rg
cljs$core$chunked_seq$cljs$0core$0IFn$0_invoke$0arity$04:qg
cljs$core$chunked_seq$cljs$0core$0IFn$0_invoke$0arity$05:zg
cljs$core$chunked_seq_QMARK_:le
cljs$core$ci_reduce$cljs$0core$0IFn$0_invoke$0arity$02:zd
cljs$core$ci_reduce$cljs$0core$0IFn$0_invoke$0arity$03:Ad
cljs$core$clj__GT_js:ni
cljs$core$clone_and_set$cljs$0core$0IFn$0_invoke$0arity$03:$g
cljs$core$coll_QMARK_:fe
cljs$core$complement:tf
cljs$core$concat:Xe
cljs$core$conj:Pd
cljs$core$conj_BANG_:Ye
cljs$core$cons:Md
cljs$core$contains_QMARK_:re
cljs$core$count:S
cljs$core$counted_QMARK_:Ed
cljs$core$create_array_node_seq:oh
cljs$core$create_array_node_seq$cljs$0core$0IFn$0_invoke$0arity$01:nh
cljs$core$create_array_node_seq$cljs$0core$0IFn$0_invoke$0arity$03:uh
cljs$core$create_inode_seq:gh
cljs$core$create_inode_seq$cljs$0core$0IFn$0_invoke$0arity$01:fh
cljs$core$create_inode_seq$cljs$0core$0IFn$0_invoke$0arity$03:sh
cljs$core$create_node:kh
cljs$core$create_node$cljs$0core$0IFn$0_invoke$0arity$06:lh
cljs$core$create_node$cljs$0core$0IFn$0_invoke$0arity$07:jh
cljs$core$dec:Be
cljs$core$deref:yd
cljs$core$disj:de
cljs$core$dissoc:Xd
cljs$core$do_assoc:gg
cljs$core$doall$cljs$0core$0IFn$0_invoke$0arity$01:Qh
cljs$core$dominates:yi
cljs$core$drop$cljs$0core$0IFn$0_invoke$0arity$02:Gf
cljs$core$drop_last$cljs$0core$0IFn$0_invoke$0arity$02:Hf
cljs$core$edit_and_set$cljs$0core$0IFn$0_invoke$0arity$04:bh
cljs$core$empty:Td
cljs$core$empty_QMARK_:ee
cljs$core$empty_ordered_hash:sd
cljs$core$empty_unordered_hash:ud
cljs$core$enable_console_print_BANG_:Ab
cljs$core$equiv_map:Mg
cljs$core$equiv_sequential:Ld
cljs$core$es6_iterator:qd
cljs$core$every_QMARK_:rf
cljs$core$ex_info$cljs$0core$0IFn$0_invoke$0arity$02:Hi
cljs$core$filter$cljs$0core$0IFn$0_invoke$0arity$02:Lf
cljs$core$find_and_cache_best_method:zi
cljs$core$first:P
cljs$core$flatten:Of
cljs$core$fn_QMARK_:Yd
cljs$core$fnil$cljs$0core$0IFn$0_invoke$0arity$02:vf
cljs$core$gensym$cljs$0core$0IFn$0_invoke$0arity$01:ki
cljs$core$gensym_counter:ji
cljs$core$get:F
cljs$core$get_global_hierarchy:qi
cljs$core$get_in$cljs$0core$0IFn$0_invoke$0arity$02:Rf
cljs$core$hash:fd
cljs$core$hash_collision_node_find_index:ph
cljs$core$hash_combine:gd
cljs$core$hash_map:zh
cljs$core$hash_ordered_coll:rd
cljs$core$hash_string:ed
cljs$core$hash_unordered_coll:td
cljs$core$identity:ye
cljs$core$ifn_QMARK_:qe
cljs$core$imul:Yc
cljs$core$inc:vd
cljs$core$indexed_QMARK_:Fd
cljs$core$inode_kv_reduce:ch
cljs$core$instance_QMARK_:hd
cljs$core$interleave:Kf
cljs$core$into:wf
cljs$core$into_array$cljs$0core$0IFn$0_invoke$0arity$02:Jb
cljs$core$isa_QMARK_$cljs$0core$0IFn$0_invoke$0arity$03:ui
cljs$core$iter_reduce$cljs$0core$0IFn$0_invoke$0arity$02:ue
cljs$core$iter_reduce$cljs$0core$0IFn$0_invoke$0arity$03:ve
cljs$core$iterable_QMARK_:kd
cljs$core$keep$cljs$0core$0IFn$0_invoke$0arity$02:zf
cljs$core$key:vg
cljs$core$key_test:Zg
cljs$core$keys:Sg
cljs$core$keyword:Me
cljs$core$keyword_identical_QMARK_:Le
cljs$core$last:Od
cljs$core$linear_traversal_nth$cljs$0core$0IFn$0_invoke$0arity$03:Ud
cljs$core$list:Je
cljs$core$list_QMARK_:He
cljs$core$lookup_sentinel:ne
cljs$core$m3_fmix:ad
cljs$core$m3_hash_unencoded_chars:bd
cljs$core$m3_mix_H1:$c
cljs$core$m3_mix_K1:Zc
cljs$core$map:Ef
cljs$core$map_QMARK_:ie
cljs$core$map_entry_QMARK_:ug
cljs$core$map_indexed$cljs$0core$0IFn$0_invoke$0arity$02:yf
cljs$core$mapv$cljs$0core$0IFn$0_invoke$0arity$02:Pf
cljs$core$max:Ce
cljs$core$max_key:Kh
cljs$core$merge:Ch
cljs$core$merge_with$cljs$0core$0IFn$0_invoke$0arity$0variadic:Dh
cljs$core$meta:be
cljs$core$missing_protocol:Fb
cljs$core$name:Ne
cljs$core$native_satisfies_QMARK_:Eb
cljs$core$never_equiv:Lg
cljs$core$new_path:bg
cljs$core$next:Q
cljs$core$next_STAR_:$e
cljs$core$nil_QMARK_:Bb
cljs$core$nil_iter:lf
cljs$core$not:Db
cljs$core$not_empty:kf
cljs$core$nth:Id
cljs$core$nth$cljs$0core$0IFn$0_invoke$0arity$02:Hd
cljs$core$nth$cljs$0core$0IFn$0_invoke$0arity$03:U
cljs$core$parents$cljs$0core$0IFn$0_invoke$0arity$01:vi
cljs$core$partial:uf
cljs$core$partition$cljs$0core$0IFn$0_invoke$0arity$03:Qf
cljs$core$peek:ce
cljs$core$pop_tail:hg
cljs$core$pr_opts:tb
cljs$core$pr_sb_with_opts:fi
cljs$core$pr_sequential_writer:Vh
cljs$core$pr_str_STAR_:Xc
cljs$core$pr_str_with_opts:gi
cljs$core$pr_writer:bi
cljs$core$pr_writer_impl:ai
cljs$core$prefers_STAR_:xi
cljs$core$prim_seq$cljs$0core$0IFn$0_invoke$0arity$02:Nd
cljs$core$print_map:ci
cljs$core$print_meta_QMARK_:$h
cljs$core$print_prefix_map:hi
cljs$core$push_tail:cg
cljs$core$pv_clone_node:$f
cljs$core$pv_fresh_node:Zf
cljs$core$pv_reduce$cljs$0core$0IFn$0_invoke$0arity$04:kg
cljs$core$pv_reduce$cljs$0core$0IFn$0_invoke$0arity$05:lg
cljs$core$quot:De
cljs$core$quote_string:Zh
cljs$core$range$cljs$0core$0IFn$0_invoke$0arity$03:Ph
cljs$core$ranged_iterator:jg
cljs$core$re_find:Sh
cljs$core$re_matches:Rh
cljs$core$re_pattern:Uh
cljs$core$re_seq_STAR_:Th
cljs$core$record_QMARK_:je
cljs$core$reduce:Lb
cljs$core$reduce$cljs$0core$0IFn$0_invoke$0arity$02:we
cljs$core$reduce$cljs$0core$0IFn$0_invoke$0arity$03:Kb
cljs$core$reduce_kv:xe
cljs$core$reduced_QMARK_:xd
cljs$core$remove$cljs$0core$0IFn$0_invoke$0arity$02:Mf
cljs$core$remove_pair:ah
cljs$core$repeat$cljs$0core$0IFn$0_invoke$0arity$02:Jf
cljs$core$reset_BANG_:Cf
cljs$core$reset_cache:wi
cljs$core$rest:md
cljs$core$seq:N
cljs$core$seq_QMARK_:oe
cljs$core$seq_reduce$cljs$0core$0IFn$0_invoke$0arity$02:se
cljs$core$seq_reduce$cljs$0core$0IFn$0_invoke$0arity$03:te
cljs$core$sequential_QMARK_:he
cljs$core$set:Ih
cljs$core$set_QMARK_:ge
cljs$core$some:sf
cljs$core$spread:We
cljs$core$str:D
cljs$core$string_hash_cache:cd
cljs$core$string_hash_cache_count:dd
cljs$core$subvec:Cg
cljs$core$swap_BANG_:Df
cljs$core$symbol:jd
cljs$core$t_cljs$0core17998:nb
cljs$core$tail_off:ag
cljs$core$take$cljs$0core$0IFn$0_invoke$0arity$02:Ff
cljs$core$tapset:Ii
cljs$core$throw_no_method_error:Ai
cljs$core$transduce$cljs$0core$0IFn$0_invoke$0arity$04:ze
cljs$core$tree_seq:Nf
cljs$core$truth_:B
cljs$core$tv_editable_root:og
cljs$core$tv_editable_tail:pg
cljs$core$tv_ensure_editable:Dg
cljs$core$tv_push_tail:Eg
cljs$core$type__GT_str:Gb
cljs$core$unchecked_array_for:eg
cljs$core$update$cljs$0core$0IFn$0_invoke$0arity$03:Uf
cljs$core$update$cljs$0core$0IFn$0_invoke$0arity$04:Wf
cljs$core$update_in:Tf
cljs$core$val:wg
cljs$core$vals:Tg
cljs$core$vec:tg
cljs$core$vector:xg
cljs$core$vector_QMARK_:ke
cljs$core$vector_index_out_of_bounds:dg
cljs$core$with_meta:ae
cljs$core$write_all$cljs$0core$0IFn$0_invoke$0arity$0variadic:Xh
cljs$cst$keyword$_LT__DASH_:dj
cljs$cst$keyword$_LT__GT_:uj
cljs$cst$keyword$_STAR_:Cj
cljs$cst$keyword$a:Sj
cljs$cst$keyword$about_DASH_panel:Vi
cljs$cst$keyword$action:hj
cljs$cst$keyword$active_DASH_panel:Mi
cljs$cst$keyword$add_DASH_event:Uj
cljs$cst$keyword$after:Gj
cljs$cst$keyword$alt_DASH_impl:di
cljs$cst$keyword$ancestors:ti
cljs$cst$keyword$atom:zk
cljs$cst$keyword$auto_DASH_run:Qi
cljs$cst$keyword$autobind:fk
cljs$cst$keyword$before:Lj
cljs$cst$keyword$class:cj
cljs$cst$keyword$cljsLegacyRender:gj
cljs$cst$keyword$coeffects:Vf
cljs$cst$keyword$cofx:sj
cljs$cst$keyword$componentFunction:Si
cljs$cst$keyword$componentWillMount:uk
cljs$cst$keyword$componentWillUnmount:Wj
cljs$cst$keyword$component_DASH_did_DASH_update:Hj
cljs$cst$keyword$component_DASH_will_DASH_unmount:ok
cljs$cst$keyword$db:Rj
cljs$cst$keyword$db_DASH_handler:wk
cljs$cst$keyword$debug:nk
cljs$cst$keyword$default:Ci
cljs$cst$keyword$defblog_DOT_events_SLASH_initialize_DASH_db:fj
cljs$cst$keyword$defblog_DOT_events_SLASH_set_DASH_active_DASH_panel:qj
cljs$cst$keyword$defblog_DOT_subs_SLASH_active_DASH_panel:yj
cljs$cst$keyword$defblog_DOT_subs_SLASH_name:Pi
cljs$cst$keyword$deregister_DASH_event_DASH_handler:jk
cljs$cst$keyword$descendants:si
cljs$cst$keyword$dispatch:ej
cljs$cst$keyword$dispatch_DASH_later:Dj
cljs$cst$keyword$dispatch_DASH_n:Bj
cljs$cst$keyword$displayName:Ti
cljs$cst$keyword$display_DASH_name:hk
cljs$cst$keyword$div:dk
cljs$cst$keyword$do_DASH_fx:ck
cljs$cst$keyword$dup:yb
cljs$cst$keyword$effects:bk
cljs$cst$keyword$error:Yj
cljs$cst$keyword$event:Zj
cljs$cst$keyword$exception:vj
cljs$cst$keyword$fallback_DASH_impl:ei
cljs$cst$keyword$finish_DASH_run:wj
cljs$cst$keyword$flush_DASH_dom:Ij
cljs$cst$keyword$flush_DASH_on_DASH_newline:vb
cljs$cst$keyword$fsm_DASH_state:Yi
cljs$cst$keyword$fx:Aj
cljs$cst$keyword$group:rk
cljs$cst$keyword$groupEnd:yk
cljs$cst$keyword$h1:xj
cljs$cst$keyword$hierarchy:Oj
cljs$cst$keyword$home_DASH_panel:$i
cljs$cst$keyword$href:sk
cljs$cst$keyword$id:lk
cljs$cst$keyword$idle:Ki
cljs$cst$keyword$key:Qj
cljs$cst$keyword$keyword_DASH_fn:oi
cljs$cst$keyword$log:Ui
cljs$cst$keyword$map:Xi
cljs$cst$keyword$meta:xb
cljs$cst$keyword$more_DASH_marker:Wh
cljs$cst$keyword$ms:Ni
cljs$cst$keyword$name:lj
cljs$cst$keyword$no_DASH_cache:rj
cljs$cst$keyword$on_DASH_dispose:Wi
cljs$cst$keyword$on_DASH_set:oj
cljs$cst$keyword$on_DASH_write:Pj
cljs$cst$keyword$params:xk
cljs$cst$keyword$parents:ri
cljs$cst$keyword$pause:pk
cljs$cst$keyword$paused:Fj
cljs$cst$keyword$prefix:gk
cljs$cst$keyword$print_DASH_length:zb
cljs$cst$keyword$query_DASH_params:Vj
cljs$cst$keyword$queue:Xf
cljs$cst$keyword$re_DASH_frame_DOT_std_DASH_interceptors_SLASH_not_DASH_found:ek
cljs$cst$keyword$re_DASH_frame_DOT_std_DASH_interceptors_SLASH_untrimmed_DASH_event:mj
cljs$cst$keyword$readably:wb
cljs$cst$keyword$reagentRender:kj
cljs$cst$keyword$reagent_DASH_render:Kj
cljs$cst$keyword$render:Oi
cljs$cst$keyword$resume:mk
cljs$cst$keyword$route:aj
cljs$cst$keyword$run_DASH_queue:qk
cljs$cst$keyword$running:bj
cljs$cst$keyword$scheduled:Xj
cljs$cst$keyword$secretary_DOT_core_SLASH_map:Zi
cljs$cst$keyword$secretary_DOT_core_SLASH_sequential:Nj
cljs$cst$keyword$sequential:zj
cljs$cst$keyword$set:Tj
cljs$cst$keyword$shouldComponentUpdate:kk
cljs$cst$keyword$stack:ij
cljs$cst$keyword$sub:Jj
cljs$cst$keyword$trigger:Mj
cljs$cst$keyword$trim_DASH_v:Ej
cljs$cst$keyword$unnamed:tk
cljs$cst$keyword$val:ii
cljs$cst$keyword$validator:ak
cljs$cst$keyword$warn:nj
cljs$cst$keyword$yield:ik
cljs$cst$symbol$clauses:jj
cljs$cst$symbol$meta17999:mf
cljs$cst$symbol$meta21174:Ri
cljs$cst$symbol$orig_DASH_route:tj
cljs$cst$symbol$params:vk
cljs$cst$symbol$re:Li
cljs$cst$symbol$vec__21169:pj
clojure$data$atom_diff:Nn
clojure$data$diff:Qn
clojure$data$diff_associative:Rn
clojure$data$diff_associative_key:Pn
clojure$data$diff_sequential:Sn
clojure$data$diff_set:Tn
clojure$data$diff_similar:Vn
clojure$data$equality_partition:Un
clojure$data$vectorize:On
clojure$set$bubble_max_key:kl
clojure$set$difference:nl
clojure$set$intersection:ml
clojure$set$union$cljs$0core$0IFn$0_invoke$0arity$02:ll
clojure$string$join$cljs$0core$0IFn$0_invoke$0arity$02:Ik
clojure$string$replace:Hk
clojure$string$replace_all:Fk
clojure$string$replace_with:Gk
clojure$string$split$cljs$0core$0IFn$0_invoke$0arity$02:Kk
clojure$string$split$cljs$0core$0IFn$0_invoke$0arity$03:Lk
clojure$string$split_with_empty_regex:Jk
clojure$walk$keywordize_keys:Ok
clojure$walk$postwalk:Nk
clojure$walk$walk:Mk
cur$jscomp$inline_1393:Om
defblog$db$default_db:Yn
defblog$views$about_panel:Lq
defblog$views$home_panel:Kq
defblog$views$main_panel:Oq
defblog$views$panels:Mq
defblog$views$show_panel:Nq
doc$jscomp$inline_1055:ro
docMode$jscomp$inline_1041:oo
goog$Disposable:Zn
goog$Disposable$MonitoringMode$OFF:$n
goog$Disposable$instances_:ao
goog$History:$p
goog$History$INPUT_EVENTS_:hq
goog$History$LEGACY_IE:cq
goog$History$PollingType$LONG:lq
goog$History$PollingType$NORMAL:bq
goog$History$historyCount_:aq
goog$History$isOnHashChangeSupported:gq
goog$Timer:ip
goog$UID_PROPERTY_:oa
goog$array$forEach:hb
goog$array$indexOf:gb
goog$array$map:ib
goog$array$toArray:jb
goog$async$nextTick:Um
goog$bind:ta
goog$bindJs_:ra
goog$bindNative_:qa
goog$dispose:bo
goog$dom$getElementHelper_:Tp
goog$dom$getFrameContentDocument:Up
goog$dom$safe$setLocationHref:Sp
goog$dom$tags$VOID_TAGS_:jp
goog$events$BrowserEvent:Ho
goog$events$BrowserEvent$IE_POINTER_TYPE_MAP:Io
goog$events$BrowserFeature$HAS_W3C_EVENT_SUPPORT:so
goog$events$BrowserFeature$PASSIVE_EVENTS:Fo
goog$events$BrowserFeature$SET_KEY_CODE_TO_PREVENT_DEFAULT:Eo
goog$events$Event:Go
goog$events$EventHandler:Vp
goog$events$EventHandler$typeArray_:Wp
goog$events$EventTarget:gp
goog$events$LISTENER_MAP_PROP_:Ro
goog$events$LISTENER_WRAPPER_PROP_:fp
goog$events$Listenable$IMPLEMENTED_BY_PROP:Jo
goog$events$Listenable$isImplementedBy:Ko
goog$events$ListenableKey$counter_:Lo
goog$events$Listener:Mo
goog$events$ListenerMap:Oo
goog$events$ListenerMap$findListenerIndex_:Po
goog$events$fireListener:ep
goog$events$fireListeners_:dp
goog$events$getListenerMap_:Yo
goog$events$getOnString_:$o
goog$events$getProxy:Zo
goog$events$handleBrowserEvent_:ap
goog$events$listen:Uo
goog$events$listenOnce:Vo
goog$events$listen_:Xo
goog$events$listenerCountEstimate_:To
goog$events$onStringMap_:So
goog$events$unlisten:bp
goog$events$unlistenByKey:cp
goog$events$wrapListener:Wo
goog$getUid:na
goog$global:aa
goog$history$Event:Yp
goog$html$SAFE_URL_PATTERN_:vp
goog$html$SafeHtml:Ip
goog$html$SafeHtml$NOT_ALLOWED_TAG_NAMES_:Np
goog$html$SafeHtml$TYPE_MARKER_GOOG_HTML_SECURITY_PRIVATE_:Jp
goog$html$SafeHtml$URL_ATTRIBUTES_:Mp
goog$html$SafeHtml$VALID_NAMES_IN_TAG_:Lp
goog$html$SafeHtml$concat:Qp
goog$html$SafeHtml$create:Op
goog$html$SafeHtml$createSafeHtmlSecurityPrivateDoNotAccessOrElse:Rp
goog$html$SafeHtml$createSafeHtmlTagSecurityPrivateDoNotAccessOrElse:Pp
goog$html$SafeHtml$unwrap:Kp
goog$html$SafeStyle:yp
goog$html$SafeStyle$COMMENT_RE_:Fp
goog$html$SafeStyle$EMPTY:Ap
goog$html$SafeStyle$FUNCTIONS_RE_:Cp
goog$html$SafeStyle$TYPE_MARKER_GOOG_HTML_SECURITY_PRIVATE_:zp
goog$html$SafeStyle$URL_RE_:Dp
goog$html$SafeStyle$VALUE_RE_:Ep
goog$html$SafeStyle$hasBalancedSquareBrackets_:Gp
goog$html$SafeStyle$sanitizePropertyValue_:Bp
goog$html$SafeStyle$sanitizeUrl_:Hp
goog$html$SafeUrl:sp
goog$html$SafeUrl$TYPE_MARKER_GOOG_HTML_SECURITY_PRIVATE_:tp
goog$html$SafeUrl$createSafeUrlSecurityPrivateDoNotAccessOrElse:xp
goog$html$SafeUrl$sanitize:wp
goog$html$SafeUrl$unwrap:up
goog$html$TrustedResourceUrl:op
goog$html$TrustedResourceUrl$TYPE_MARKER_GOOG_HTML_SECURITY_PRIVATE_:pp
goog$html$TrustedResourceUrl$createTrustedResourceUrlSecurityPrivateDoNotAccessOrElse:rp
goog$html$TrustedResourceUrl$unwrap:qp
goog$inherits:wa
goog$isArray:ha
goog$isFunction:ja
goog$isObject:ka
goog$isString:ca
goog$labs$userAgent$platform$isIphone:co
goog$labs$userAgent$util$matchUserAgent:Tm
goog$labs$userAgent$util$userAgent_:ab
goog$math$Integer:ya
goog$math$Integer$IntCache_:Aa
goog$math$Integer$ONE:Ha
goog$math$Integer$TWO_PWR_24_:Ia
goog$math$Integer$TWO_PWR_32_DBL_:Ga
goog$math$Integer$ZERO:Ea
goog$math$Integer$carry16_:Oa
goog$math$Integer$fromInt:Ca
goog$math$Integer$fromNumber:Da
goog$memoize$simpleSerializer:Zp
goog$now:va
goog$nullFunction:ea
goog$object$PROTOTYPE_FIELDS_:eb
goog$object$extend:fb
goog$object$forEach:cb
goog$object$getKeys:db
goog$partial:ua
goog$reflect$sinkValue:xa
goog$string$Const:kp
goog$string$Const$GOOG_STRING_CONSTRUCTOR_TOKEN_PRIVATE_:lp
goog$string$Const$TYPE_MARKER_:mp
goog$string$Const$unwrap:np
goog$string$StringBuffer:kb
goog$string$internal$ALL_RE_:Ta
goog$string$internal$AMP_RE_:Ua
goog$string$internal$GT_RE_:Wa
goog$string$internal$LT_RE_:Va
goog$string$internal$NULL_RE_:Za
goog$string$internal$QUOT_RE_:Xa
goog$string$internal$SINGLE_QUOTE_RE_:Ya
goog$string$internal$caseInsensitiveContains:$a
goog$string$internal$compareElements_:bb
goog$string$internal$htmlEscape:Sa
goog$string$internal$trim:Ra
goog$typeOf:fa
goog$uidCounter_:pa
goog$userAgent$EDGE:go
goog$userAgent$GECKO:ho
goog$userAgent$IE:fo
goog$userAgent$OPERA:eo
goog$userAgent$VERSION:lo
goog$userAgent$WEBKIT:io
goog$userAgent$getDocumentMode_:ko
goog$userAgent$isVersionOrHigherCache_:po
module$node_modules$create_react_class$index:$k
module$node_modules$react$index:Ek
module$node_modules$react_dom$index:Gm
navigator$jscomp$inline_1037:jo
navigator$jscomp$inline_822:Rm
opt_object$jscomp$inline_1390:Mm
order$jscomp$inline_1554:vo
part$jscomp$inline_1394:Pm
parts$jscomp$inline_1392:Nm
path__$1$jscomp$inline_1548:Pq
re_frame:Vm
re_frame$cofx$inject_db:Mn
re_frame$core$reg_event_db:Xn
re_frame$db$app_db:$m
re_frame$events$_STAR_handling_STAR_:qn
re_frame$events$handle:rn
re_frame$fx$do_fx:Ln
re_frame$interceptor$__GT_interceptor$cljs$0core$0IFn$0_invoke$0arity$0variadic:nn
re_frame$interceptor$get_coeffect$cljs$0core$0IFn$0_invoke$0arity$02:on
re_frame$interceptor$invoke_interceptors:pn
re_frame$interop$add_on_dispose_BANG_:Xm
re_frame$interop$deref_QMARK_:Wm
re_frame$interop$empty_queue:xf
re_frame$interop$reagent_id:Zm
re_frame$interop$set_timeout_BANG_:Ym
re_frame$loggers$console:bn
re_frame$loggers$console$cljs$0core$0IFn$0_invoke$0arity$0variadic:cn
re_frame$loggers$loggers:an
re_frame$registrar$clear_handlers:jn
re_frame$registrar$get_handler$cljs$0core$0IFn$0_invoke$0arity$02:gn
re_frame$registrar$kind__GT_id__GT_handler:fn
re_frame$registrar$register_handler:hn
re_frame$router$dispatch:Jn
re_frame$router$dispatch_sync:Kn
re_frame$router$event_queue:In
re_frame$router$later_fns:Bn
re_frame$std_interceptors$db_handler__GT_interceptor:Wn
re_frame$subs$cache_and_return:un
re_frame$subs$cache_lookup$cljs$0core$0IFn$0_invoke$0arity$02:vn
re_frame$subs$clear_subscription_cache_BANG_:tn
re_frame$subs$deref_input_signals:yn
re_frame$subs$map_vals:xn
re_frame$subs$query__GT_reaction:sn
re_frame$subs$reg_sub:zn
re_frame$subs$reg_sub$cljs$0core$0IFn$0_invoke$0arity$0variadic:An
re_frame$subs$subscribe:wn
re_frame$trace:kn
re_frame$trace$next_delivery:mn
re_frame$trace$traces:ln
re_frame$utils$dissoc_in:dn
re_frame$utils$first_in_vector:en
reagent:Pk
reagent$core$after_render:Qm
reagent$debug:Qk
reagent$debug$track_console:Sk
reagent$debug$warnings:Rk
reagent$dom:Hm
reagent$dom$imported:Im
reagent$dom$re_render_component:Lm
reagent$dom$render_comp:Km
reagent$dom$roots:Jm
reagent$impl:Tk
reagent$impl$batching:al
reagent$impl$batching$RenderQueue:gl
reagent$impl$batching$compare_mount_order:el
reagent$impl$batching$fake_raf:cl
reagent$impl$batching$mount_count:bl
reagent$impl$batching$next_tick:dl
reagent$impl$batching$queue_render:jl
reagent$impl$batching$ratom_flush:fl
reagent$impl$batching$render_queue:il
reagent$impl$component:Pl
reagent$impl$component$_STAR_current_component_STAR_:Ql
reagent$impl$component$as_element:Tl
reagent$impl$component$camelify_map_keys:$l
reagent$impl$component$create_class:cm
reagent$impl$component$custom_wrapper:Wl
reagent$impl$component$dash_to_camel:Zl
reagent$impl$component$get_wrapper:Xl
reagent$impl$component$map_to_js:bm
reagent$impl$component$obligatory:Yl
reagent$impl$component$props_argv:Rl
reagent$impl$component$rat_opts:Ol
reagent$impl$component$reagent_class_QMARK_:Sl
reagent$impl$component$static_fns:Vl
reagent$impl$component$wrap_funs:am
reagent$impl$component$wrap_render:Ul
reagent$impl$template:dm
reagent$impl$template$as_element:Dm
reagent$impl$template$cache_get:hm
reagent$impl$template$convert_custom_prop_value:mm
reagent$impl$template$convert_prop_value:jm
reagent$impl$template$custom_kv_conv:lm
reagent$impl$template$custom_prop_name_cache:km
reagent$impl$template$expand_seq:Fm
reagent$impl$template$find_dom_node:qm
reagent$impl$template$get_key:zm
reagent$impl$template$input_component_set_value:tm
reagent$impl$template$input_handle_change:um
reagent$impl$template$input_node_set_value:sm
reagent$impl$template$input_render_setup:vm
reagent$impl$template$input_spec:ym
reagent$impl$template$key_from_vec:Am
reagent$impl$template$kv_conv:im
reagent$impl$template$make_element:xm
reagent$impl$template$named_QMARK_:fm
reagent$impl$template$native_element:Cm
reagent$impl$template$oset:nm
reagent$impl$template$prop_name_cache:gm
reagent$impl$template$re_tag:em
reagent$impl$template$reagent_input_class:wm
reagent$impl$template$set_id_class:om
reagent$impl$template$stringify_class:pm
reagent$impl$template$tag_name_cache:Bm
reagent$impl$template$these_inputs_have_selection_api:rm
reagent$impl$template$vec_to_elem:Em
reagent$impl$util$_STAR_always_update_STAR_:Zk
reagent$impl$util$capitalize:Wk
reagent$impl$util$dash_to_camel:Xk
reagent$impl$util$dont_camel_case:Vk
reagent$impl$util$fun_name:Yk
reagent$impl$util$is_client:Uk
reagent$ratom:ol
reagent$ratom$RAtom:Cl
reagent$ratom$RCursor:Hl
reagent$ratom$Reaction:Ll
reagent$ratom$Track:Gl
reagent$ratom$_STAR_ratom_context_STAR_:pl
reagent$ratom$_running:sl
reagent$ratom$add_on_dispose_BANG_:Jl
reagent$ratom$add_w:wl
reagent$ratom$atom:Dl
reagent$ratom$cached_reaction:El
reagent$ratom$check_watches:vl
reagent$ratom$debug:ql
reagent$ratom$deref_capture:tl
reagent$ratom$dispose_BANG_:Il
reagent$ratom$flush_BANG_:Bl
reagent$ratom$generation:rl
reagent$ratom$handle_reaction_change:Kl
reagent$ratom$make_reaction:Fl
reagent$ratom$notify_deref_watcher_BANG_:ul
reagent$ratom$notify_w:yl
reagent$ratom$pr_atom:zl
reagent$ratom$rea_queue:Al
reagent$ratom$remove_w:xl
reagent$ratom$run_in_reaction:Nl
reagent$ratom$temp_reaction:Ml
secretary:mq
secretary$core:nq
secretary$core$_STAR_config_STAR_:qq
secretary$core$_STAR_routes_STAR_:Eq
secretary$core$add_route_BANG_:Fq
secretary$core$assoc_in_query_params:wq
secretary$core$compile_route:Dq
secretary$core$decode:uq
secretary$core$decode_query_params:xq
secretary$core$encode:sq
secretary$core$encode_pair:Fi
secretary$core$get_config:rq
secretary$core$invalid_params:Hq
secretary$core$key_index$cljs$0core$0IFn$0_invoke$0arity$02:tq
secretary$core$lex_STAR_:Bq
secretary$core$lex_route:Cq
secretary$core$locate_route:Gq
secretary$core$parse_path:vq
secretary$core$re_escape:Aq
secretary$core$re_escape_chars:zq
secretary$core$re_matches_STAR_:yq
secretary$core$route_matches:pq
secretary$core$t_secretary$0core21173:oq
shadow$js$files:Ak
shadow$js$jsRequire:Dk
shadow$js$nativeRequires:Bk
shadow$js$requireStack:Ck
subCount$jscomp$inline_1557:yo
subIdx$jscomp$inline_1558:zo
userAgent$jscomp$inline_823:Sm
v1Comp$jscomp$inline_1561:Co
v1Sub$jscomp$inline_1559:Ao
v1Subs$jscomp$inline_1555:wo
v2Comp$jscomp$inline_1562:Do
v2Sub$jscomp$inline_1560:Bo
v2Subs$jscomp$inline_1556:xo
version$jscomp$inline_1039:mo
