SAFE_HTML_TYPE_MARKER_GOOG_HTML_SECURITY_PRIVATE_:Bd
SAFE_STYLE_TYPE_MARKER_GOOG_HTML_SECURITY_PRIVATE_:Cd
SAFE_URL_TYPE_MARKER_GOOG_HTML_SECURITY_PRIVATE_:Dd
STRING_CONST_TYPE_MARKER__GOOG_STRING_SECURITY_PRIVATE_:Ed
TRUSTED_RESOURCE_URL_TYPE_MARKER_GOOG_HTML_SECURITY_PRIVATE_:Fd
__hash:u
_hash:sb
_meta:Ra
_seq:Ib
actualEventTarget_:Gd
afn:h
args:Jb
arr:f
auto_run:Sa
bitmap:O
bits_:T
boundTick_:cd
buf:Dc
buffer_:hb
cached_hierarchy:fc
callOnce:gc
caught:Ec
cause:dd
cb:ed
check_:Hd
chunk:Aa
chunk_next:hc
clauses:Id
cljs$core$APersistentVector$:Fc
cljs$core$Fn$:Jd
cljs$core$IAssociative$_assoc$arity$3:cb
cljs$core$IChunk$_drop_first$arity$1:Gc
cljs$core$IChunkedNext$_chunked_next$arity$1:Hc
cljs$core$IChunkedSeq$:se
cljs$core$IChunkedSeq$_chunked_first$arity$1:ic
cljs$core$IChunkedSeq$_chunked_rest$arity$1:tb
cljs$core$ICollection$:te
cljs$core$ICollection$_conj$arity$2:Y
cljs$core$ICounted$:Kd
cljs$core$ICounted$_count$arity$1:U
cljs$core$IDeref$:fd
cljs$core$IDeref$_deref$arity$1:Ua
cljs$core$IEditableCollection$:Ld
cljs$core$IEditableCollection$_as_transient$arity$1:ub
cljs$core$IEmptyableCollection$:Md
cljs$core$IEmptyableCollection$_empty$arity$1:V
cljs$core$IEncodeJS$:Nd
cljs$core$IEncodeJS$_clj__GT_js$arity$1:Od
cljs$core$IEquiv$_equiv$arity$2:I
cljs$core$IFind$_find$arity$2:vb
cljs$core$IFn$:ue
cljs$core$IFn$_invoke$arity$0:o
cljs$core$IFn$_invoke$arity$1:a
cljs$core$IFn$_invoke$arity$10:ja
cljs$core$IFn$_invoke$arity$11:ka
cljs$core$IFn$_invoke$arity$12:la
cljs$core$IFn$_invoke$arity$13:ma
cljs$core$IFn$_invoke$arity$14:na
cljs$core$IFn$_invoke$arity$15:oa
cljs$core$IFn$_invoke$arity$16:pa
cljs$core$IFn$_invoke$arity$17:qa
cljs$core$IFn$_invoke$arity$18:ra
cljs$core$IFn$_invoke$arity$19:sa
cljs$core$IFn$_invoke$arity$2:b
cljs$core$IFn$_invoke$arity$20:ta
cljs$core$IFn$_invoke$arity$21:Ic
cljs$core$IFn$_invoke$arity$22:Kb
cljs$core$IFn$_invoke$arity$3:c
cljs$core$IFn$_invoke$arity$4:s
cljs$core$IFn$_invoke$arity$5:C
cljs$core$IFn$_invoke$arity$6:Z
cljs$core$IFn$_invoke$arity$7:ua
cljs$core$IFn$_invoke$arity$8:ea
cljs$core$IFn$_invoke$arity$9:va
cljs$core$IFn$_invoke$arity$variadic:j
cljs$core$IHash$:ve
cljs$core$IHash$_hash$arity$1:K
cljs$core$IIndexed$:gd
cljs$core$IIndexed$_nth$arity$2:G
cljs$core$IIndexed$_nth$arity$3:ba
cljs$core$IIterable$:we
cljs$core$IIterable$_iterator$arity$1:Ha
cljs$core$IKVReduce$:xe
cljs$core$IKVReduce$_kv_reduce$arity$3:Lb
cljs$core$IList$:ye
cljs$core$ILookup$:Pd
cljs$core$ILookup$_lookup$arity$2:S
cljs$core$ILookup$_lookup$arity$3:D
cljs$core$IMap$:Qd
cljs$core$IMap$_dissoc$arity$2:Jc
cljs$core$IMapEntry$:ze
cljs$core$IMapEntry$_key$arity$1:Rd
cljs$core$IMapEntry$_val$arity$1:Sd
cljs$core$IMeta$:Td
cljs$core$IMeta$_meta$arity$1:M
cljs$core$INamed$:hd
cljs$core$INamed$_name$arity$1:jc
cljs$core$INamed$_namespace$arity$1:kc
cljs$core$INext$:Mb
cljs$core$INext$_next$arity$1:da
cljs$core$IPrintWithWriter$:W
cljs$core$IPrintWithWriter$_pr_writer$arity$3:J
cljs$core$IRecord$:Ud
cljs$core$IReduce$:Vd
cljs$core$IReduce$_reduce$arity$2:wa
cljs$core$IReduce$_reduce$arity$3:xa
cljs$core$IReset$_reset_BANG_$arity$2:Ea
cljs$core$ISeq$:Ba
cljs$core$ISeq$_first$arity$1:ga
cljs$core$ISeq$_rest$arity$1:ya
cljs$core$ISeqable$:Wd
cljs$core$ISeqable$_seq$arity$1:R
cljs$core$ISequential$:Kc
cljs$core$ISet$:Xd
cljs$core$ISet$_disjoin$arity$2:jd
cljs$core$IStack$_peek$arity$1:ib
cljs$core$IStack$_pop$arity$1:jb
cljs$core$ISwap$_swap_BANG_$arity$2:lc
cljs$core$ISwap$_swap_BANG_$arity$3:mc
cljs$core$ISwap$_swap_BANG_$arity$4:nc
cljs$core$ISwap$_swap_BANG_$arity$5:oc
cljs$core$ITransientAssociative$_assoc_BANG_$arity$3:wb
cljs$core$ITransientCollection$_conj_BANG_$arity$2:xb
cljs$core$ITransientCollection$_persistent_BANG_$arity$1:Nb
cljs$core$IVector$:Ae
cljs$core$IVector$_assoc_n$arity$3:kb
cljs$core$IWatchable$_add_watch$arity$3:Ob
cljs$core$IWatchable$_notify_watches$arity$3:pc
cljs$core$IWatchable$_remove_watch$arity$2:Pb
cljs$core$IWithMeta$_with_meta$arity$2:P
cljs$core$IWriter$_write$arity$2:kd
cljs$lang$applyTo:w
cljs$lang$ctorPrWriter:ld
cljs$lang$ctorStr:Qb
cljs$lang$maxFixedArity:v
cljs$lang$protocol_mask$partition$:md
cljs$lang$protocol_mask$partition0$:g
cljs$lang$protocol_mask$partition1$:A
cljs$lang$type:Lc
clojure$data$Diff$diff_similar$arity$2:Yd
clojure$data$EqualityPartition$equality_partition$arity$1:Zd
cnt:l
collision_hash:Va
default_dispatch_val:$d
dir_:nd
dirty_QMARK_:eb
dispatch_fn:i
dispose:Mc
disposeInternal:Wa
disposed_:Rb
documentLoaded:Nc
edit:N
editable_QMARK_:yb
enabled_:qc
ensure_editable:lb
eventHandler_:mb
eventTargetListeners_:Xa
event_:zb
f:Ka
fn:Sb
fqn:La
front:Fa
fseq:Ab
fsm_state:rc
getBasis:ae
getDirection:Tb
getListener:Ub
getSetImmediateEmulator_:be
getTypedStringValue:Ta
handler:sc
handler_:Oc
hasNext:$
has_nil_QMARK_:Ca
hash_map:Ya
hiddenInput_:tc
hierarchy:uc
i:m
iframeSrc_:Pc
iframe_:vc
implementsGoogI18nBidiDirectionalString:Qc
implementsGoogStringTypedString:fb
initSecurityPrivateDoNotAccessOrElse_:wc
inode_assoc:Ma
inode_assoc_BANG_:Na
inode_find:Vb
inode_lookup:nb
inode_seq:Wb
inode_without:Xb
interval_:xc
iter:Rc
keys_:Bb
kv_reduce:Yb
lastToken_:Zb
last_:od
len:ob
listen:pb
listenOnce:pd
listeners:Ga
lockedToken_:$b
longerPolling_:Cb
meta17999:ce
meta21174:de
method_cache:yc
method_table:zc
more:Oa
mseq:H
next_entry:ac
next_iter:Pa
nil_val:za
nocache_QMARK_:qd
nodes:Qa
ns:Db
off:ha
onDisposeCallbacks_:Za
onDocumentLoaded:ee
onHashChange_:fe
onShow_:ge
on_dispose:rd
on_dispose_arr:sd
on_set:he
operaDefibrillator_:ie
orig_route:je
params:td
parentEventTarget_:Sc
post_event_callback_fns:ke
prefer_table:le
privateDoNotAccessOrElseSafeHtmlWrappedValue_:Tc
privateDoNotAccessOrElseSafeStyleWrappedValue_:Uc
privateDoNotAccessOrElseSafeUrlWrappedValue_:Vc
privateDoNotAccessOrElseTrustedResourceUrlWrappedValue_:Wc
propagationStopped_:qb
ratom:X
re:ud
reaction:bc
reagent$ratom$IDisposable$add_on_dispose_BANG_$arity$2:vd
reagent$ratom$IDisposable$dispose_BANG_$arity$1:Xc
reagent$ratom$IReactiveAtom$:Ac
rear:Ia
removeAll:Bc
removed:Eb
rest:$a
returnValue_:wd
riter:cc
root_iter:xd
s:F
sb:me
scheduled_QMARK_:Cc
secretary$core$IRouteMatches$route_matches$arity$2:Fb
seen:Yc
setImmediate_:yd
shouldEnable_:zd
sign_:aa
str:gb
stringConstValueWithSecurityContract__googStringSecurityPrivate_:Zc
superClass_:Gb
tail:Da
tick_:ne
timerObject_:dc
timer_:ia
token:oe
transient_map:ab
typeCount_:ec
unicode:Be
unlisten:$c
unsetIframe_:Ad
useSetImmediate_:pe
userVisible_:Hb
v:ca
val:B
validator:ad
vec:Ja
vec__21169:qe
watches:fa
watchesArr:bd
watching:rb
window_:bb
wrapCallback_:re
